
================================================================================
Test: OpenRouter Flux Real Image Generation
================================================================================

python : Traceback (most recent call last):
At line:1 char:31
+ ... :\Assessment\vizzy-chat ; python test_openrouter_flux.py 2>&1 | Tee-O ...
+                               ~~~~~~~~~~~~~~~~~~~~~~~~~~~~~~~~~~~
    + CategoryInfo          : NotSpecified: (Traceback (most recent call last) 
   ::String) [], RemoteException
    + FullyQualifiedErrorId : NativeCommandError
 
  File "F:\Assessment\vizzy-chat\test_openrouter_flux.py", line 74, in <module>
    test_openrouter_flux_generation()
  File "F:\Assessment\vizzy-chat\test_openrouter_flux.py", line 22, in 
test_openrouter_flux_generation
    print(f"[{label}] Testing: '{prompt}'")
  File "C:\Users\Ashwin 
Rajakannan\AppData\Local\Programs\Python\Python312\Lib\encodings\cp1252.py", 
line 19, in encode
    return codecs.charmap_encode(input,self.errors,encoding_table)[0]
           ^^^^^^^^^^^^^^^^^^^^^^^^^^^^^^^^^^^^^^^^^^^^^^^^^^^^^^^
UnicodeEncodeError: 'charmap' codec can't encode characters in position 1-2: 
character maps to <undefined>
